// Jest Snapshot v1, https://goo.gl/fbAQLP

exports[`test in <GifGridItem /> should show GifGridItem component successfully  1`] = `
<div
  className="card animate__animated animate__fadeIn"
>
  <img
    alt="a title"
    src="https://localhost/something.jpg"
  />
  <p>
     
    a title
     
  </p>
</div>
`;
