// Jest Snapshot v1, https://goo.gl/fbAQLP

exports[`test in <CounterApp /> component should show <CounterApp /> correctly 1`] = `
<div
  className="wrapper"
>
  <h1>
    CounterApp
  </h1>
  <h1>
     Initial Value:
    10
     
  </h1>
  <h2>
     
    10
     
  </h2>
  <div>
    <button
      onClick={[Function]}
    >
      -1
    </button>
    <button
      onClick={[Function]}
    >
      Reset
    </button>
    <button
      onClick={[Function]}
    >
      +1
    </button>
  </div>
</div>
`;
